// Jest Snapshot v1, https://goo.gl/fbAQLP

exports[`migrationEngine applies migrations to fresh database and trying to reapply is skipped 1`] = `[]`;
